\BOOKMARK [0][-]{chapter.1}{\376\377\0001\000\040\000I\000n\000t\000r\000o\000d\000u\000c\000c\000i\000\363\000n}{}% 1
\BOOKMARK [1][-]{section.1.1}{\376\377\0001\000.\0001\000\040\000O\000b\000j\000e\000t\000i\000v\000o\000s}{chapter.1}% 2
\BOOKMARK [0][-]{chapter.2}{\376\377\0002\000\040\000D\000e\000s\000c\000r\000i\000p\000c\000i\000\363\000n\000\040\000d\000e\000l\000\040\000S\000i\000s\000t\000e\000m\000a}{}% 3
\BOOKMARK [1][-]{section.2.1}{\376\377\0002\000.\0001\000\040\000C\000o\000m\000p\000o\000n\000e\000n\000t\000e\000s\000\040\000d\000e\000l\000\040\000S\000i\000s\000t\000e\000m\000a}{chapter.2}% 4
\BOOKMARK [1][-]{section.2.2}{\376\377\0002\000.\0002\000\040\000E\000n\000t\000r\000a\000d\000a\000s\000\040\000d\000e\000l\000\040\000S\000i\000s\000t\000e\000m\000a}{chapter.2}% 5
\BOOKMARK [1][-]{section.2.3}{\376\377\0002\000.\0003\000\040\000S\000a\000l\000i\000d\000a\000s\000\040\000d\000e\000l\000\040\000S\000i\000s\000t\000e\000m\000a}{chapter.2}% 6
\BOOKMARK [1][-]{section.2.4}{\376\377\0002\000.\0004\000\040\000R\000e\000q\000u\000i\000s\000i\000t\000o\000s\000\040\000T\000e\000m\000p\000o\000r\000a\000l\000e\000s}{chapter.2}% 7
\BOOKMARK [0][-]{chapter.3}{\376\377\0003\000\040\000E\000s\000p\000e\000c\000i\000f\000i\000c\000a\000c\000i\000\363\000n\000\040\000D\000E\000V\000S}{}% 8
\BOOKMARK [1][-]{section.3.1}{\376\377\0003\000.\0001\000\040\000F\000o\000r\000m\000a\000l\000i\000s\000m\000o\000\040\000D\000E\000V\000S}{chapter.3}% 9
\BOOKMARK [1][-]{section.3.2}{\376\377\0003\000.\0002\000\040\000C\000o\000n\000t\000r\000o\000l\000a\000d\000o\000r\000\040\000d\000e\000\040\000B\000o\000m\000b\000a\000\040\000d\000e\000\040\000I\000n\000f\000u\000s\000i\000\363\000n}{chapter.3}% 10
\BOOKMARK [2][-]{subsection.3.2.1}{\376\377\0003\000.\0002\000.\0001\000\040\000E\000v\000e\000n\000t\000o\000s\000\040\000d\000e\000\040\000E\000n\000t\000r\000a\000d\000a}{section.3.2}% 11
\BOOKMARK [2][-]{subsection.3.2.2}{\376\377\0003\000.\0002\000.\0002\000\040\000E\000v\000e\000n\000t\000o\000s\000\040\000d\000e\000\040\000S\000a\000l\000i\000d\000a}{section.3.2}% 12
\BOOKMARK [2][-]{subsection.3.2.3}{\376\377\0003\000.\0002\000.\0003\000\040\000C\000o\000n\000j\000u\000n\000t\000o\000\040\000d\000e\000\040\000E\000s\000t\000a\000d\000o\000s}{section.3.2}% 13
\BOOKMARK [2][-]{subsection.3.2.4}{\376\377\0003\000.\0002\000.\0004\000\040\000E\000s\000t\000a\000d\000o\000\040\000I\000n\000i\000c\000i\000a\000l}{section.3.2}% 14
\BOOKMARK [2][-]{subsection.3.2.5}{\376\377\0003\000.\0002\000.\0005\000\040\000F\000u\000n\000c\000i\000\363\000n\000\040\000d\000e\000\040\000T\000r\000a\000n\000s\000i\000c\000i\000\363\000n\000\040\000E\000x\000t\000e\000r\000n\000a}{section.3.2}% 15
\BOOKMARK [2][-]{subsection.3.2.6}{\376\377\0003\000.\0002\000.\0006\000\040\000F\000u\000n\000c\000i\000\363\000n\000\040\000d\000e\000\040\000T\000r\000a\000n\000s\000i\000c\000i\000\363\000n\000\040\000I\000n\000t\000e\000r\000n\000a}{section.3.2}% 16
\BOOKMARK [2][-]{subsection.3.2.7}{\376\377\0003\000.\0002\000.\0007\000\040\000F\000u\000n\000c\000i\000\363\000n\000\040\000d\000e\000\040\000S\000a\000l\000i\000d\000a}{section.3.2}% 17
\BOOKMARK [2][-]{subsection.3.2.8}{\376\377\0003\000.\0002\000.\0008\000\040\000F\000u\000n\000c\000i\000\363\000n\000\040\000d\000e\000\040\000T\000i\000e\000m\000p\000o\000\040\000d\000e\000\040\000A\000v\000a\000n\000c\000e}{section.3.2}% 18
\BOOKMARK [1][-]{section.3.3}{\376\377\0003\000.\0003\000\040\000G\000e\000n\000e\000r\000a\000d\000o\000r\000\040\000d\000e\000\040\000\323\000r\000d\000e\000n\000e\000s\000\040\000M\000\351\000d\000i\000c\000a\000s}{chapter.3}% 19
\BOOKMARK [2][-]{subsection.3.3.1}{\376\377\0003\000.\0003\000.\0001\000\040\000E\000s\000p\000e\000c\000i\000f\000i\000c\000a\000c\000i\000\363\000n\000\040\000F\000o\000r\000m\000a\000l}{section.3.3}% 20
\BOOKMARK [1][-]{section.3.4}{\376\377\0003\000.\0004\000\040\000S\000e\000n\000s\000o\000r\000\040\000d\000e\000\040\000F\000l\000u\000j\000o}{chapter.3}% 21
\BOOKMARK [2][-]{subsection.3.4.1}{\376\377\0003\000.\0004\000.\0001\000\040\000E\000s\000p\000e\000c\000i\000f\000i\000c\000a\000c\000i\000\363\000n\000\040\000F\000o\000r\000m\000a\000l}{section.3.4}% 22
\BOOKMARK [1][-]{section.3.5}{\376\377\0003\000.\0005\000\040\000A\000c\000t\000u\000a\000d\000o\000r\000\040\000d\000e\000\040\000l\000a\000\040\000B\000o\000m\000b\000a}{chapter.3}% 23
\BOOKMARK [2][-]{subsection.3.5.1}{\376\377\0003\000.\0005\000.\0001\000\040\000E\000s\000p\000e\000c\000i\000f\000i\000c\000a\000c\000i\000\363\000n\000\040\000F\000o\000r\000m\000a\000l}{section.3.5}% 24
\BOOKMARK [1][-]{section.3.6}{\376\377\0003\000.\0006\000\040\000M\000\363\000d\000u\000l\000o\000\040\000d\000e\000\040\000A\000l\000a\000r\000m\000a\000s}{chapter.3}% 25
\BOOKMARK [2][-]{subsection.3.6.1}{\376\377\0003\000.\0006\000.\0001\000\040\000E\000s\000p\000e\000c\000i\000f\000i\000c\000a\000c\000i\000\363\000n\000\040\000F\000o\000r\000m\000a\000l}{section.3.6}% 26
\BOOKMARK [0][-]{chapter.4}{\376\377\0004\000\040\000E\000s\000c\000e\000n\000a\000r\000i\000o\000s\000\040\000d\000e\000\040\000S\000i\000m\000u\000l\000a\000c\000i\000\363\000n}{}% 27
\BOOKMARK [1][-]{section.4.1}{\376\377\0004\000.\0001\000\040\000E\000s\000c\000e\000n\000a\000r\000i\000o\000\040\0001\000:\000\040\000F\000u\000n\000c\000i\000o\000n\000a\000m\000i\000e\000n\000t\000o\000\040\000N\000o\000r\000m\000a\000l}{chapter.4}% 28
\BOOKMARK [1][-]{section.4.2}{\376\377\0004\000.\0002\000\040\000E\000s\000c\000e\000n\000a\000r\000i\000o\000\040\0002\000:\000\040\000C\000a\000m\000b\000i\000o\000\040\000d\000e\000\040\000O\000r\000d\000e\000n\000\040\000M\000\351\000d\000i\000c\000a}{chapter.4}% 29
\BOOKMARK [1][-]{section.4.3}{\376\377\0004\000.\0003\000\040\000E\000s\000c\000e\000n\000a\000r\000i\000o\000\040\0003\000:\000\040\000D\000e\000t\000e\000n\000c\000i\000\363\000n\000\040\000d\000e\000\040\000I\000n\000f\000u\000s\000i\000\363\000n}{chapter.4}% 30
\BOOKMARK [1][-]{section.4.4}{\376\377\0004\000.\0004\000\040\000E\000s\000c\000e\000n\000a\000r\000i\000o\000\040\0004\000:\000\040\000D\000e\000s\000v\000\355\000o\000\040\000L\000e\000v\000e\000\040\000C\000o\000r\000r\000e\000g\000i\000d\000o}{chapter.4}% 31
\BOOKMARK [1][-]{section.4.5}{\376\377\0004\000.\0005\000\040\000E\000s\000c\000e\000n\000a\000r\000i\000o\000\040\0005\000:\000\040\000D\000e\000s\000v\000\355\000o\000\040\000M\000a\000y\000o\000r\000\040\000a\000l\000\040\0001\0000\000\045\000\040\000G\000e\000n\000e\000r\000a\000d\000o\000r\000\040\000A\000l\000a\000r\000m\000a\000\040\000M\000e\000d\000i\000a}{chapter.4}% 32
\BOOKMARK [1][-]{section.4.6}{\376\377\0004\000.\0006\000\040\000E\000s\000c\000e\000n\000a\000r\000i\000o\000\040\0006\000:\000\040\000F\000i\000n\000\040\000d\000e\000\040\000B\000o\000l\000s\000a}{chapter.4}% 33
\BOOKMARK [1][-]{section.4.7}{\376\377\0004\000.\0007\000\040\000E\000s\000c\000e\000n\000a\000r\000i\000o\000\040\0007\000:\000\040\000A\000l\000a\000r\000m\000a\000\040\000C\000r\000\355\000t\000i\000c\000a\000\040\000N\000o\000\040\000C\000o\000n\000f\000i\000r\000m\000a\000d\000a}{chapter.4}% 34
\BOOKMARK [0][-]{chapter.5}{\376\377\0005\000\040\000R\000e\000s\000u\000l\000t\000a\000d\000o\000s\000\040\000d\000e\000\040\000S\000i\000m\000u\000l\000a\000c\000i\000\363\000n}{}% 35
\BOOKMARK [1][-]{section.5.1}{\376\377\0005\000.\0001\000\040\000A\000n\000\341\000l\000i\000s\000i\000s\000\040\000d\000e\000\040\000R\000e\000q\000u\000i\000s\000i\000t\000o\000s\000\040\000T\000e\000m\000p\000o\000r\000a\000l\000e\000s}{chapter.5}% 36
\BOOKMARK [0][-]{chapter.6}{\376\377\0006\000\040\000C\000o\000n\000c\000l\000u\000s\000i\000o\000n\000e\000s}{}% 37
\BOOKMARK [1][-]{section.6.1}{\376\377\0006\000.\0001\000\040\000C\000u\000m\000p\000l\000i\000m\000i\000e\000n\000t\000o\000\040\000d\000e\000\040\000R\000e\000q\000u\000i\000s\000i\000t\000o\000s}{chapter.6}% 38
\BOOKMARK [1][-]{section.6.2}{\376\377\0006\000.\0002\000\040\000M\000e\000j\000o\000r\000a\000s\000\040\000P\000r\000o\000p\000u\000e\000s\000t\000a\000s}{chapter.6}% 39
